
[1m[7m[36m RUN [39m[27m[22m [36mv2.1.9 [39m[90mE:/ide_project/proxysql-admin-webui/frontend[39m

 [32m✓[39m src/stores/__tests__/themeStore.test.ts[2m > [22mthemeStore[2m > [22minitial state[2m > [22mshould default to light theme
 [32m✓[39m src/stores/__tests__/themeStore.test.ts[2m > [22mthemeStore[2m > [22mtoggleTheme[2m > [22mshould toggle from light to dark
 [32m✓[39m src/stores/__tests__/themeStore.test.ts[2m > [22mthemeStore[2m > [22mtoggleTheme[2m > [22mshould toggle from dark to light
 [32m✓[39m src/stores/__tests__/themeStore.test.ts[2m > [22mthemeStore[2m > [22mtoggleTheme[2m > [22mshould add dark class to document when toggling to dark
 [32m✓[39m src/stores/__tests__/themeStore.test.ts[2m > [22mthemeStore[2m > [22mtoggleTheme[2m > [22mshould remove dark class from document when toggling to light
 [32m✓[39m src/stores/__tests__/themeStore.test.ts[2m > [22mthemeStore[2m > [22mtoggleTheme[2m > [22mshould persist theme preference to localStorage
 [32m✓[39m src/stores/__tests__/themeStore.test.ts[2m > [22mthemeStore[2m > [22mpersistence[2m > [22mshould rehydrate from localStorage on next init
 [32m✓[39m src/hooks/__tests__/useDebounce.test.ts[2m > [22museDebounce[2m > [22mshould return initial value immediately
 [32m✓[39m src/hooks/__tests__/useDebounce.test.ts[2m > [22museDebounce[2m > [22mshould not update value before delay
 [32m✓[39m src/hooks/__tests__/useDebounce.test.ts[2m > [22museDebounce[2m > [22mshould update value after delay
 [32m✓[39m src/hooks/__tests__/useDebounce.test.ts[2m > [22museDebounce[2m > [22mshould reset timer when value changes within delay
 [32m✓[39m src/hooks/__tests__/useDebounce.test.ts[2m > [22museDebounce[2m > [22mshould cleanup timer on unmount
 [32m✓[39m src/hooks/__tests__/useDebounce.test.ts[2m > [22museDebounce[2m > [22mshould handle delay changes

[2m Test Files [22m [1m[31m12 failed[39m[22m[2m | [22m[1m[32m2 passed[39m[22m[90m (14)[39m
[2m      Tests [22m [1m[32m13 passed[39m[22m[90m (13)[39m
[2m   Start at [22m 23:07:56
[2m   Duration [22m 30.40s[2m (transform 8.73s, setup 2.28s, collect 2.77s, tests 184ms, environment 111.58s, prepare 27.40s)[22m

